Hitachi Optimizing Linkage Editor (Ver. 7.1.03.000)01-Jan-2021 05:47:34

*** Options ***

-subcommand=C:\DOCUME~1\milky\LOCALS~1\Temp\hmk581.tmp
noprelink
sdebug
rom D=R
nomessage
list "E:\Entwicklung\Casio\SDK\Snake\Debug\FXADDINror.map"
show symbol
nooptimize
start P_TOP,P,C,D,C$VTBL,C$INIT/0300200,B_BR_Size,B,R/08100000
fsymbol P
nologo
input "E:\Entwicklung\Casio\SDK\Snake\Debug\SNAKE.obj" "E:\Entwicklung\Casio\SDK\Snake\Debug\Graphics.obj" "E:\Entwicklung\Casio\SDK\Snake\Debug\Menu.obj" "E:\Entwicklung\Casio\SDK\Snake\Debug\Game.obj" "E:\Entwicklung\Casio\SDK\Snake\Debug\Maps.obj" "E:\Entwicklung\Casio\SDK\Snake\Debug\Digits.obj" "E:\Entwicklung\Casio\SDK\Snake\Debug\MainMenuDetector.obj" "E:\Entwicklung\Casio\SDK\Snake\Debug\Savegame.obj" "E:\Entwicklung\Casio\SDK\Snake\Debug\Scorescreen.obj"
input "C:\Program Files\CASIO\fx-9860G SDK\OS\FX\lib\setup.obj"
library "C:\Program Files\CASIO\fx-9860G SDK\OS\FX\lib\fx9860G_library.lib"
output "E:\Entwicklung\Casio\SDK\Snake\Debug\FXADDINror.abs"
-nomessage=1100
end

*** Error information ***

*** Mapping List ***

SECTION                            START      END         SIZE   ALIGN

P_TOP
                                  00300200  0030020b         c   4
P
                                  0030020c  0030532d      5122   4
C
                                  00305330  0030589b       56c   4
D
                                  0030589c  00305b8b       2f0   4
B_BR_Size
                                  08100000  08100003         4   4
B
                                  08100004  0810041f       41c   4
R
                                  08100420  0810070f       2f0   4

*** Symbol List ***

SECTION=
FILE=                               START        END    SIZE
  SYMBOL                            ADDR        SIZE    INFO      COUNTS  OPT

SECTION=P_TOP
FILE=E:\Entwicklung\Casio\SDK\Snake\Debug\SNAKE.obj
                                  00300200  0030020b         c
  _InitializeSystem
                                  00300200         c   func ,g         * 

SECTION=P
FILE=E:\Entwicklung\Casio\SDK\Snake\Debug\SNAKE.obj
                                  0030020c  003003fb       1f0
  _AddIn_main
                                  0030020c       158   func ,g         * 
  _malloc_sec
                                  00300364        98   func ,g         * 
FILE=E:\Entwicklung\Casio\SDK\Snake\Debug\Graphics.obj
                                  003003fc  003006ab       2b0
  _DrawRect
                                  003003fc        80   func ,g         * 
  _SetPoint
                                  0030047c         6   func ,g         * 
  _Clear
                                  00300482         6   func ,g         * 
  _FillRect
                                  00300488        74   func ,g         * 
  _FillDotted
                                  003004fc        7a   func ,g         * 
  _CaptureAreaVRAM
                                  00300576        90   func ,g         * 
  _CaptureMenuTitle
                                  00300606        2c   func ,g         * 
  _CompareMenuTitle
                                  00300632        7a   func ,g         * 
FILE=E:\Entwicklung\Casio\SDK\Snake\Debug\Menu.obj
                                  003006ac  003009cb       320
  __drawBorder
                                  003006ac         6   func ,g         * 
  _ShowMenu
                                  003006b2        12   func ,g         * 
  _ShowMenuNoBorder
                                  003006c4       146   func ,g         * 
  _ShowText
                                  0030080a        96   func ,g         * 
  _ReadInt
                                  003008a0       12c   func ,g         * 
FILE=E:\Entwicklung\Casio\SDK\Snake\Debug\Game.obj
                                  003009cc  00300f13       548
  __setTarget
                                  003009cc        84   func ,g         * 
  _gameLoop1
                                  00300a50       294   func ,g         * 
  _gameLoop2
                                  00300ce4       110   func ,g         * 
  _gameQuit
                                  00300df4         6   func ,g         * 
  _RunGame
                                  00300dfa       11a   func ,g         * 
FILE=E:\Entwicklung\Casio\SDK\Snake\Debug\Maps.obj
                                  00300f14  0030116f       25c
  _GetMapCount
                                  00300f14         4   func ,g         * 
  _GetMap
                                  00300f18        2e   func ,g         * 
  _GetMapName
                                  00300f46        34   func ,g         * 
  _GetBlock
                                  00300f7a        2c   func ,g         * 
  _DrawMap
                                  00300fa6        aa   func ,g         * 
  _MapSelector
                                  00301050       120   func ,g         * 
FILE=E:\Entwicklung\Casio\SDK\Snake\Debug\Digits.obj
                                  00301170  0030120b        9c
  _GetDigit
                                  00301170        2a   func ,g         * 
  _DrawDigit
                                  0030119a        72   func ,g         * 
FILE=E:\Entwicklung\Casio\SDK\Snake\Debug\MainMenuDetector.obj
                                  0030120c  003012ef        e4
  _InitDetector
                                  0030120c        62   func ,g         * 
  _UninitDetector
                                  0030126e         8   func ,g         * 
  _CheckForMenu
                                  00301276        7a   func ,g         * 
FILE=E:\Entwicklung\Casio\SDK\Snake\Debug\Savegame.obj
                                  003012f0  003013fb       10c
  _SaveScores
                                  003012f0        8a   func ,g         * 
  _LoadScores
                                  0030137a        82   func ,g         * 
FILE=E:\Entwicklung\Casio\SDK\Snake\Debug\Scorescreen.obj
                                  003013fc  0030156b       170
  __printDifficulty
                                  003013fc        3a   func ,g         * 
  _ShowScores
                                  00301436       136   func ,g         * 
FILE=C:\Program Files\CASIO\fx-9860G SDK\OS\FX\lib\setup.obj
                                  0030156c  00301687       11c
  ___LINK_PROTECT
                                  0030156c         4   func ,g         * 
  _SetQuitHandler
                                  00301570         6   func ,g         * 
  _OnAppCloseDefault
                                  00301576        54   func ,g         * 
  __INITSCT_ADDIN
                                  003015ca        48   func ,g         * 
  _INIT_ADDIN_APPLICATION
                                  00301612        76   func ,g         * 
FILE=__divls
                                  00301688  0030173b        b4
  __divls
                                  00301688         0   none ,g         * 
  divls_zero
                                  00301726         0   none ,l         * 
  A_errno
                                  00301734         0   none ,l         * 
  n_zerono
                                  00301738         0   none ,l         * 
FILE=__modls
                                  0030173c  00301803        c8
  __modls
                                  0030173c         0   none ,g         * 
  modls_L
                                  003017e2         0   none ,l         * 
  modls_zero
                                  003017ee         0   none ,l         * 
  A_errno
                                  003017fc         0   none ,l         * 
  n_zerono
                                  00301800         0   none ,l         * 
FILE=__s_mvn
                                  00301804  0030183b        38
  __slow_mvn
                                  00301804         0   none ,g         * 
  SMVN_B
                                  00301812         0   none ,l         * 
  SMVN_END
                                  00301834         0   none ,l         * 
FILE=__s_scpy
                                  0030183c  0030188b        50
  __slow_strcpy
                                  0030183c         0   none ,g         * 
  SCPY_B
                                  00301854         0   none ,l         * 
  SCPY_END
                                  00301878         0   none ,l         * 
  _quick_strcpy2
                                  00301880         0   none ,l         * 
  A_qcpy
                                  00301888         0   none ,l         * 
FILE=memset
                                  0030188c  003018a3        18
  _memset
                                  0030188c        18   func ,g         * 
FILE=rand
                                  003018a4  003018cf        2c
  _rand
                                  003018a4        2c   func ,g         * 
FILE=sprintf
                                  003018d0  0030190b        3c
  _sprintf
                                  003018d0        3c   func ,g         * 
FILE=strlen
                                  0030190c  0030191b        10
  _strlen
                                  0030190c        10   func ,g         * 
FILE=_Bdel_cychdr
                                  0030191c  0030192b        10
  _Bdel_cychdr
                                  0030191c         0   none ,g         * 
FILE=_Bdisp_AllClr_DDVRAM
                                  0030192c  0030193b        10
  _Bdisp_AllClr_DDVRAM
                                  0030192c         0   none ,g         * 
FILE=_Bdisp_AllClr_VRAM
                                  0030193c  0030194b        10
  _Bdisp_AllClr_VRAM
                                  0030193c         0   none ,g         * 
FILE=_Bdisp_GetPoint_VRAM
                                  0030194c  0030195b        10
  _Bdisp_GetPoint_VRAM
                                  0030194c         0   none ,g         * 
FILE=_Bdisp_PutDisp_DD
                                  0030195c  0030196b        10
  _Bdisp_PutDisp_DD
                                  0030195c         0   none ,g         * 
FILE=_Bdisp_SetPoint_DDVRAM
                                  0030196c  0030197b        10
  _Bdisp_SetPoint_DDVRAM
                                  0030196c         0   none ,g         * 
FILE=_Bdisp_SetPoint_VRAM
                                  0030197c  0030198b        10
  _Bdisp_SetPoint_VRAM
                                  0030197c         0   none ,g         * 
FILE=_BfileFLS_CloseFile
                                  0030198c  0030199b        10
  _BfileFLS_CloseFile
                                  0030198c         0   none ,g         * 
FILE=_Bkey_Set_RepeatTime_Default
                                  0030199c  003019ab        10
  _Bkey_Set_RepeatTime_Default
                                  0030199c         0   none ,g         * 
FILE=_CallbackAtQuitMainFunction
                                  003019ac  003019bb        10
  _CallbackAtQuitMainFunction
                                  003019ac         0   none ,g         * 
FILE=_flsFindClose
                                  003019bc  003019cb        10
  _flsFindClose
                                  003019bc         0   none ,g         * 
FILE=_free
                                  003019cc  003019db        10
  _free
                                  003019cc         0   none ,g         * 
FILE=_getkey
                                  003019dc  003019eb        10
  _GetKey
                                  003019dc         0   none ,g         * 
FILE=_GLibAddinAplExecutionCheck
                                  003019ec  003019fb        10
  _GLibAddinAplExecutionCheck
                                  003019ec         0   none ,g         * 
FILE=_Hmem_SetMMU
                                  003019fc  00301a0b        10
  _Hmem_SetMMU
                                  003019fc         0   none ,g         * 
FILE=_malloc
                                  00301a0c  00301a1b        10
  _malloc
                                  00301a0c         0   none ,g         * 
FILE=_PopUpWin
                                  00301a1c  00301a2b        10
  _PopUpWin
                                  00301a1c         0   none ,g         * 
FILE=_Print
                                  00301a2c  00301a3b        10
  _Print
                                  00301a2c         0   none ,g         * 
FILE=_PrintXY
                                  00301a3c  00301a4b        10
  _PrintXY
                                  00301a3c         0   none ,g         * 
FILE=dispbios
                                  00301a4c  00301bc1       176
  _PrintMini
                                  00301a4c        1c   func ,g         * 
  _locate
                                  00301a68        28   func ,g         * 
  _Bdisp_ReadArea_DD
                                  00301a90       132   func ,g         * 
FILE=filebios
                                  00301bc4  003022f3       730
  _BfileMCS_GetFileHandle
                                  00301bc4        6e   func ,g         * 
  _Bfile_CloseFile
                                  00301c32        6e   func ,g         * 
  _BfileMCS_HandleCheck
                                  00301ca0        40   func ,g         * 
  _MCSFile_InitAll
                                  00301ce0        3c   func ,g         * 
  _Bfile_ReadFile
                                  00301d1c        e8   func ,g         * 
  _Bfile_WriteFile
                                  00301e04        de   func ,g         * 
  _Bfile_SeekFile
                                  00301ee2        6a   func ,g         * 
  _Bfile_OpenMainMemory
                                  00301f4c        42   func ,g         * 
  _Bfile_OpenFile
                                  00301f8e         6   func ,g         * 
  _Bfile_GetMediaFree
                                  00301f94        cc   func ,g         * 
  _Bfile_GetFileSize
                                  00302060        7a   func ,g         * 
  _Bfile_CreateMainMemory
                                  003020da        84   func ,g         * 
  _Bfile_CreateFile
                                  0030215e        16   func ,g         * 
  _Bfile_CreateDirectory
                                  00302174         8   func ,g         * 
  _Bfile_RenameMainMemory
                                  0030217c        6a   func ,g         * 
  _Bfile_DeleteMainMemory
                                  003021e6        6a   func ,g         * 
  _Bfile_DeleteFile
                                  00302250        40   func ,g         * 
  _Bfile_DeleteDirectory
                                  00302290        64   func ,g         * 
FILE=timer
                                  003022f4  003023f3       100
  _GetSDKLibraryVersion
                                  003022f4         6   func ,g         * 
  _SetTimer
                                  003022fa        54   func ,g         * 
  _KillTimer
                                  0030234e        44   func ,g         * 
  _Sleep
                                  00302392        62   func ,g         * 
FILE=__q_scpy
                                  003023f4  0030245b        68
  __quick_strcpy
                                  003023f4         0   none ,g         * 
  _quick_strcpy1
                                  003023f8         0   none ,g         * 
  FCPY_L
                                  00302402         0   none ,l         * 
  FCPY_NULL1
                                  00302426         0   none ,l         * 
  FCPY_NULL2
                                  0030242a         0   none ,l         * 
  FCPY_NULL3
                                  0030242e         0   none ,l         * 
  FCPY_NULL
                                  00302430         0   none ,l         * 
  FCPY_B
                                  00302436         0   none ,l         * 
  FCPY_END
                                  00302450         0   none ,l         * 
FILE=_fmtout
                                  0030245c  00303547      10ec
  __fmtout
                                  0030245c       768   func ,g         * 
  __ltostr
                                  00302bc4       20a   func ,l         * 
  __xtostr
                                  00302dce       68e   func ,l         * 
  __round
                                  0030345c        60   func ,l         * 
  __putstr
                                  003034bc        58   func ,l         * 
  __putnull
                                  00303514        10   func ,l         * 
  __puterr
                                  00303524        24   func ,l         * 
FILE=strncmp
                                  00303548  00303585        3e
  _strncmp
                                  00303548        3e   func ,g         * 
FILE=_Bcre_cychdr
                                  00303588  00303597        10
  _Bcre_cychdr
                                  00303588         0   none ,g         * 
FILE=_Bfile_CloseFile
                                  00303598  003035a7        10
  _Bfile_CloseFile_OS
                                  00303598         0   none ,g         * 
FILE=_Bfile_CreateEntry
                                  003035a8  003035b7        10
  _Bfile_CreateEntry
                                  003035a8         0   none ,g         * 
FILE=_Bfile_DeleteEntry
                                  003035b8  003035c7        10
  _Bfile_DeleteEntry
                                  003035b8         0   none ,g         * 
FILE=_Bfile_GetFileSize
                                  003035c8  003035d7        10
  _Bfile_GetFileSize_OS
                                  003035c8         0   none ,g         * 
FILE=_Bfile_GetMediaFree
                                  003035d8  003035e7        10
  _Bfile_GetMediaFree_OS
                                  003035d8         0   none ,g         * 
FILE=_Bfile_OpenFile
                                  003035e8  003035f7        10
  _Bfile_OpenFile_OS
                                  003035e8         0   none ,g         * 
FILE=_Bfile_ReadFile
                                  003035f8  00303607        10
  _Bfile_ReadFile_OS
                                  003035f8         0   none ,g         * 
FILE=_Bfile_SeekFile
                                  00303608  00303617        10
  _Bfile_SeekFile_OS
                                  00303608         0   none ,g         * 
FILE=_Bfile_WriteFile
                                  00303618  00303627        10
  _Bfile_WriteFile_OS
                                  00303618         0   none ,g         * 
FILE=_BMCSRenameVariable
                                  00303628  00303637        10
  _BMCSRenameVariable
                                  00303628         0   none ,g         * 
FILE=_BSrl_DummyWAIT
                                  00303638  00303647        10
  _BSrl_DummyWAIT
                                  00303638         0   none ,g         * 
FILE=_Bsta_cychdr
                                  00303648  00303657        10
  _Bsta_cychdr
                                  00303648         0   none ,g         * 
FILE=_Bstp_cychdr
                                  00303658  00303667        10
  _Bstp_cychdr
                                  00303658         0   none ,g         * 
FILE=_DD_GET
                                  00303668  00303677        10
  _DD_GET
                                  00303668         0   none ,g         * 
FILE=_GetAppName
                                  00303678  00303687        10
  _GetAppName
                                  00303678         0   none ,g         * 
FILE=_locate
                                  00303688  00303697        10
  _locate_OS
                                  00303688         0   none ,g         * 
FILE=_MCSDelVar2
                                  00303698  003036a7        10
  _MCSDelVar2
                                  00303698         0   none ,g         * 
FILE=_MCSGetCapa
                                  003036a8  003036b7        10
  _MCSGetCapa
                                  003036a8         0   none ,g         * 
FILE=_MCSGetData1
                                  003036b8  003036c7        10
  _MCSGetData1
                                  003036b8         0   none ,g         * 
FILE=_MCSGetDlen2
                                  003036c8  003036d7        10
  _MCSGetDlen2
                                  003036c8         0   none ,g         * 
FILE=_MCSOvwDat2
                                  003036d8  003036e7        10
  _MCSOvwDat2
                                  003036d8         0   none ,g         * 
FILE=_MCSPutVar2
                                  003036e8  003036f7        10
  _MCSPutVar2
                                  003036e8         0   none ,g         * 
FILE=_PrintMiniSd
                                  003036f8  00303707        10
  _PrintMiniSd
                                  003036f8         0   none ,g         * 
FILE=r_eqd
                                  00303708  0030379b        94
  __eqd
                                  00303708         0   none ,g         * 
  exception_return1
                                  0030373a         0   none ,l         * 
  exception_return2
                                  0030373e         0   none ,l         * 
  exception_return3
                                  00303742         0   none ,l         * 
  false
                                  0030374e         0   none ,l         * 
  return
                                  00303750         0   none ,l         * 
  exception1
                                  00303764         0   none ,l         * 
  exception2
                                  00303770         0   none ,l         * 
  exception3
                                  0030377c         0   none ,l         * 
  EXP_INF
                                  00303794         0   none ,l         * 
  MMASK
                                  00303798         0   none ,l         * 
FILE=__divlu
                                  0030379c  00303843        a8
  __divlu
                                  0030379c         0   none ,g         * 
  divlu_zero
                                  0030382e         0   none ,l         * 
  A_errno
                                  0030383c         0   none ,l         * 
  n_zerono
                                  00303840         0   none ,l         * 
FILE=__modlu
                                  00303844  003038fb        b8
  __modlu
                                  00303844         0   none ,g         * 
  modlu_L
                                  003038dc         0   none ,l         * 
  modlu_zero
                                  003038e4         0   none ,l         * 
  A_errno
                                  003038f4         0   none ,l         * 
  n_zerono
                                  003038f8         0   none ,l         * 
FILE=_its
                                  003038fc  00303a2b       130
  __its
                                  003038fc       130   func ,g         * 
FILE=_xti
                                  00303a2c  00303cbb       290
  __xti
                                  00303a2c       290   func ,g         * 
  _la$264
                                  00303c04         0   none ,l         * 
FILE=memcpy
                                  00303cbc  00303d79        be
  _memcpy
                                  00303cbc        be   func ,g         * 
FILE=_allzero
                                  00303d7c  00303d99        1e
  __allzero
                                  00303d7c        1e   func ,g         * 
FILE=_calcnpw
                                  00303d9c  00303e9b       100
  __calcnpw
                                  00303d9c       100   func ,g         * 
FILE=_log10
                                  00303e9c  00304163       2c8
  __log10
                                  00303e9c        62   func ,g         * 
  _frexp
                                  00303efe       12e   func ,l         * 
  _modf
                                  0030402c       138   func ,l         * 
FILE=_lsfts
                                  00304164  003041af        4c
  __lsfts
                                  00304164        4c   func ,g         * 
FILE=_pow5
                                  003041b0  003041d3        24
  __pow5
                                  003041b0        24   func ,g         * 
FILE=_rsfts
                                  003041d4  00304229        56
  __rsfts
                                  003041d4        56   func ,g         * 
FILE=_sub
                                  0030422c  003042bf        94
  __sub
                                  0030422c        94   func ,g         * 
FILE=_umemcmp
                                  003042c0  003042f3        34
  __umemcmp
                                  003042c0        34   func ,g         * 
FILE=_unpack
                                  003042f4  0030438f        9c
  __unpack
                                  003042f4        9c   func ,g         * 
FILE=memcmp
                                  00304390  003043c3        34
  _memcmp
                                  00304390        34   func ,g         * 
FILE=r_addd
                                  003043c4  00304753       390
  __subd
                                  003043c4         0   none ,g         * 
  __subdr
                                  003043dc         0   none ,g         * 
  exception1
                                  003043f4         0   none ,l         * 
  return_NaN
                                  00304408         0   none ,l         * 
  return_inf
                                  00304410         0   none ,l         * 
  exception2
                                  00304414         0   none ,l         * 
  p2_denorm_check
                                  00304428         0   none ,l         * 
  p1_denorm
                                  00304434         0   none ,l         * 
  return_p2
                                  00304440         0   none ,l         * 
  return_p1
                                  00304448         0   none ,l         * 
  p1_normalize
                                  00304456         0   none ,l         * 
  p1_norm_loop
                                  00304460         0   none ,l         * 
  end_p1_norm
                                  0030446a         0   none ,l         * 
  p2_normalize
                                  0030446a         0   none ,l         * 
  p2_norm_loop
                                  00304474         0   none ,l         * 
  end_p2_norm
                                  0030447e         0   none ,l         * 
  swap_end
                                  00304486         0   none ,l         * 
  return_zero
                                  0030448a         0   none ,l         * 
  __addd
                                  00304494         0   none ,g         * 
  sub_in
                                  003044a6         0   none ,l         * 
  rotation
                                  003044c6         0   none ,l         * 
  exception_return
                                  003044f2         0   none ,l         * 
  sftr1
                                  00304534         0   none ,l         * 
  e_sftr31
                                  00304538         0   none ,l         * 
  e_sftr55
                                  0030455e         0   none ,l         * 
  sftr_loop
                                  00304564         0   none ,l         * 
  end_sftr
                                  0030456c         0   none ,l         * 
  mantissa_sub
                                  00304590         0   none ,l         * 
  man_sub1
                                  00304598         0   none ,l         * 
  normalize
                                  003045a6         0   none ,l         * 
  norm32_end
                                  003045b0         0   none ,l         * 
  norm16_end
                                  003045c0         0   none ,l         * 
  over_norm
                                  003045c6         0   none ,l         * 
  overnorm_end
                                  003045f2         0   none ,l         * 
  norm_loop
                                  003045f8         0   none ,l         * 
  end_calc
                                  00304620         0   none ,l         * 
  end_norm
                                  00304620         0   none ,l         * 
  denormalize_loop
                                  00304628         0   none ,l         * 
  round
                                  00304630         0   none ,l         * 
  end_denormal
                                  00304630         0   none ,l         * 
  round_carry
                                  00304648         0   none ,l         * 
  end_round
                                  0030464e         0   none ,l         * 
  return_value
                                  0030464e         0   none ,l         * 
  return
                                  0030466c         0   none ,l         * 
  plus_zero
                                  0030468c         0   none ,l         * 
  swap
                                  00304696         0   none ,l         * 
  EXP_INF
                                  003046b0         0   none ,l         * 
  MMASK
                                  003046b4         0   none ,l         * 
  MSB
                                  003046b8         0   none ,l         * 
  LOWMASK
                                  003046bc         0   none ,l         * 
  CARRY_CHECK
                                  003046c0         0   none ,l         * 
  NORMAL
                                  003046c4         0   none ,l         * 
  SIGN
                                  003046c8         0   none ,l         * 
  HALF
                                  003046cc         0   none ,l         * 
  sftrtbl
                                  003046d0         0   none ,l         * 
FILE=r_dtoi
                                  00304754  003047df        8c
  __dtou
                                  00304754         0   none ,g         * 
  __dtoi
                                  00304754         0   none ,g         * 
  loop_sftl
                                  00304794         0   none ,l         * 
  shift_low
                                  0030479e         0   none ,l         * 
  shift_low1
                                  003047a6         0   none ,l         * 
  shift_r
                                  003047b0         0   none ,l         * 
  shift_r1
                                  003047b2         0   none ,l         * 
  end_shift
                                  003047b8         0   none ,l         * 
  return
                                  003047be         0   none ,l         * 
  end_nagate
                                  003047be         0   none ,l         * 
  return_zero
                                  003047cc         0   none ,l         * 
  EXP_INF
                                  003047d0         0   none ,l         * 
  MMASK
                                  003047d4         0   none ,l         * 
  MSB
                                  003047d8         0   none ,l         * 
  BIAS
                                  003047dc         0   none ,l         * 
FILE=r_itod
                                  003047e0  00304833        54
  __itod
                                  003047e0         0   none ,g         * 
  end_negate
                                  003047f4         0   none ,l         * 
  sftl_loop
                                  003047f6         0   none ,l         * 
  return
                                  00304818         0   none ,l         * 
  return_zero
                                  00304828         0   none ,l         * 
  EXP_32
                                  00304830         0   none ,l         * 
FILE=r_ltd
                                  00304834  003048db        a8
  __ltd
                                  00304834         0   none ,g         * 
  exception_return1
                                  00304866         0   none ,l         * 
  exception_return2
                                  0030486a         0   none ,l         * 
  exception_return3
                                  0030486e         0   none ,l         * 
  minus
                                  00304880         0   none ,l         * 
  sign_def
                                  00304888         0   none ,l         * 
  return
                                  0030488c         0   none ,l         * 
  exception1
                                  003048a0         0   none ,l         * 
  exception2
                                  003048ac         0   none ,l         * 
  exception3
                                  003048b8         0   none ,l         * 
  false
                                  003048d0         0   none ,l         * 
  EXP_INF
                                  003048d4         0   none ,l         * 
  MMASK
                                  003048d8         0   none ,l         * 
FILE=r_muld
                                  003048dc  00304aef       214
  exception1
                                  003048dc         0   none ,l         * 
  parm2_NaN_check
                                  003048f8         0   none ,l         * 
  exception2
                                  00304904         0   none ,l         * 
  exception3
                                  0030491c         0   none ,l         * 
  ex3
                                  00304928         0   none ,l         * 
  p1_norm_loop
                                  00304932         0   none ,l         * 
  end_p1_norm
                                  0030493c         0   none ,l         * 
  exception4
                                  00304940         0   none ,l         * 
  ex4
                                  0030494c         0   none ,l         * 
  p2_norm_loop
                                  00304956         0   none ,l         * 
  end_p2_norm
                                  00304960         0   none ,l         * 
  return_zero
                                  00304964         0   none ,l         * 
  return_inf
                                  0030496e         0   none ,l         * 
  return_NaN
                                  00304976         0   none ,l         * 
  __muld
                                  00304980         0   none ,g         * 
  exception_return3
                                  003049d6         0   none ,l         * 
  exception_return4
                                  003049da         0   none ,l         * 
  mul_man1
                                  00304a1c         0   none ,l         * 
  end_normalize
                                  00304a40         0   none ,l         * 
  end_sticky
                                  00304a46         0   none ,l         * 
  denormalize_loop
                                  00304a4e         0   none ,l         * 
  round_denormal
                                  00304a5a         0   none ,l         * 
  end_round_d
                                  00304a70         0   none ,l         * 
  end_denormal
                                  00304a74         0   none ,l         * 
  round_carry
                                  00304a86         0   none ,l         * 
  end_round
                                  00304a8c         0   none ,l         * 
  return_value
                                  00304a8c         0   none ,l         * 
  return
                                  00304aaa         0   none ,l         * 
  EXP_INF
                                  00304ad8         0   none ,l         * 
  MMASK
                                  00304adc         0   none ,l         * 
  MSB
                                  00304ae0         0   none ,l         * 
  CARRY_CHECK
                                  00304ae4         0   none ,l         * 
  BIAS
                                  00304ae8         0   none ,l         * 
  DEN_CARRY
                                  00304aec         0   none ,l         * 
FILE=r_ned
                                  00304af0  00304b83        94
  __ned
                                  00304af0         0   none ,g         * 
  exception_return1
                                  00304b22         0   none ,l         * 
  exception_return2
                                  00304b26         0   none ,l         * 
  exception_return3
                                  00304b2a         0   none ,l         * 
  true
                                  00304b36         0   none ,l         * 
  return
                                  00304b38         0   none ,l         * 
  exception1
                                  00304b4c         0   none ,l         * 
  exception2
                                  00304b58         0   none ,l         * 
  exception3
                                  00304b64         0   none ,l         * 
  EXP_INF
                                  00304b7c         0   none ,l         * 
  MMASK
                                  00304b80         0   none ,l         * 
FILE=__divws
                                  00304b84  00304bd3        50
  __divws
                                  00304b84         0   none ,g         * 
  divws_zero
                                  00304bc2         0   none ,l         * 
  A_errno
                                  00304bcc         0   none ,l         * 
  n_zerono
                                  00304bd0         0   none ,l         * 
FILE=_div64
                                  00304bd4  00304d67       194
  __div64
                                  00304bd4       194   func ,g         * 
FILE=_duchek
                                  00304d68  00304d97        30
  __duchek
                                  00304d68        30   func ,g         * 
FILE=_lsft
                                  00304d98  00304ddd        46
  __lsft
                                  00304d98        46   func ,g         * 
FILE=_mult64
                                  00304de0  00304e4f        70
  __mult64
                                  00304de0        70   func ,g         * 
FILE=_power
                                  00304e50  00304fa3       154
  __power
                                  00304e50       154   func ,g         * 
FILE=_rnd
                                  00304fa4  0030508f        ec
  __rnd
                                  00304fa4        ec   func ,g         * 
FILE=_setsbit
                                  00305090  00305113        84
  __setsbit
                                  00305090        84   func ,g         * 
FILE=_add
                                  00305114  0030516f        5c
  __add
                                  00305114        5c   func ,g         * 
FILE=_mult
                                  00305170  0030524b        dc
  __mult
                                  00305170        dc   func ,g         * 
FILE=_pow10
                                  0030524c  003052e3        98
  __pow10
                                  0030524c        98   func ,g         * 
FILE=_rsft
                                  003052e4  0030532d        4a
  __rsft
                                  003052e4        4a   func ,g         * 

SECTION=C
FILE=addin_sct
                                  0030555c  0030556f        14
  _B_BGN
                                  0030555c         0   none ,g         * 
  _B_END
                                  00305560         0   none ,g         * 
  _R_BGN
                                  00305564         0   none ,g         * 
  _R_END
                                  00305568         0   none ,g         * 
  _D_ROM
                                  0030556c         0   none ,g         * 
FILE=_ctype
                                  00305594  00305693       100
  __ctype
                                  00305594       100   data ,g         * 
FILE=_its
                                  00305694  0030571b        88
  _table$246
                                  00305694        88   data ,l         * 
FILE=_pow5
                                  0030571c  003057fb        e0
  _w$238
                                  0030571c        e0   data ,l         * 
FILE=_power
                                  003057fc  0030589b        a0
  _conmnts$251
                                  003057fc        80   data ,l         * 
  _conexp$252
                                  0030587c        20   data ,l         * 

SECTION=B_BR_Size
FILE=E:\Entwicklung\Casio\SDK\Snake\Debug\SNAKE.obj
                                  08100000  08100003         4
  _BR_Size
                                  08100000         4   data ,g         * 

SECTION=B
FILE=E:\Entwicklung\Casio\SDK\Snake\Debug\Game.obj
                                  08100004  08100417       414
  _snake
                                  08100004       400   data ,g         * 
  _snakeLength
                                  08100404         4   data ,g         * 
  _titlecapt
                                  08100408         4   data ,g         * 
  _timeout
                                  0810040c         4   data ,g         * 
  _quitGame
                                  08100410         4   data ,g         * 
  _map
                                  08100414         4   data ,g         * 
FILE=E:\Entwicklung\Casio\SDK\Snake\Debug\MainMenuDetector.obj
                                  08100418  0810041b         4
  _m
                                  08100418         4   data ,g         * 
FILE=_errno
                                  0810041c  0810041f         4
  __errno
                                  0810041c         4   data ,g         * 

SECTION=R
FILE=E:\Entwicklung\Casio\SDK\Snake\Debug\SNAKE.obj
                                  08100420  08100427         8
  _txtHelp
                                  08100420         4   data ,g         * 
  _txtAbout
                                  08100424         4   data ,g         * 
FILE=E:\Entwicklung\Casio\SDK\Snake\Debug\Game.obj
                                  08100428  0810043d        16
  _dx
                                  08100428         1   data ,g         * 
  _dy
                                  08100429         1   data ,g         * 
  _difficulties
                                  0810042c        10   data ,g         * 
  _target
                                  0810043c         2   data ,g         * 
FILE=E:\Entwicklung\Casio\SDK\Snake\Debug\Maps.obj
                                  08100440  0810063f       200
  _map0
                                  08100440        80   data ,g         * 
  _map1
                                  081004c0        80   data ,g         * 
  _map2
                                  08100540        80   data ,g         * 
  _map3
                                  081005c0        80   data ,g         * 
FILE=E:\Entwicklung\Casio\SDK\Snake\Debug\Digits.obj
                                  08100640  0810067f        40
  _digitNULL
                                  08100640        10   data ,g         * 
  _iconTarget
                                  08100650        10   data ,g         * 
  _snakeHead
                                  08100660        10   data ,g         * 
  _snakeBody
                                  08100670        10   data ,g         * 
FILE=E:\Entwicklung\Casio\SDK\Snake\Debug\Savegame.obj
                                  08100680  081006a1        22
  _filename
                                  08100680        22   data ,g         * 
FILE=C:\Program Files\CASIO\fx-9860G SDK\OS\FX\lib\setup.obj
                                  081006a4  081006a7         4
  _gb_OnAppClose
                                  081006a4         4   data ,g         * 
FILE=filebios
                                  081006a8  0810070b        64
  _MCSpt
                                  081006a8        64   data ,g         * 
FILE=_rnext
                                  0810070c  0810070f         4
  __rnext
                                  0810070c         4   data ,g         * 

Absolute value symbols
FILE=__divls
  zerodiv
                                  0000044e         0   none ,l         * 
FILE=__modls
  zerodiv
                                  0000044e         0   none ,l         * 
FILE=_Bdel_cychdr
  __JumpTableTOP
                                  80010070         0   none ,l         * 
FILE=_Bdisp_AllClr_DDVRAM
  __JumpTableTOP
                                  80010070         0   none ,l         * 
FILE=_Bdisp_AllClr_VRAM
  __JumpTableTOP
                                  80010070         0   none ,l         * 
FILE=_Bdisp_GetPoint_VRAM
  __JumpTableTOP
                                  80010070         0   none ,l         * 
FILE=_Bdisp_PutDisp_DD
  __JumpTableTOP
                                  80010070         0   none ,l         * 
FILE=_Bdisp_SetPoint_DDVRAM
  __JumpTableTOP
                                  80010070         0   none ,l         * 
FILE=_Bdisp_SetPoint_VRAM
  __JumpTableTOP
                                  80010070         0   none ,l         * 
FILE=_BfileFLS_CloseFile
  __JumpTableTOP
                                  80010070         0   none ,l         * 
FILE=_Bkey_Set_RepeatTime_Default
  __JumpTableTOP
                                  80010070         0   none ,l         * 
FILE=_CallbackAtQuitMainFunction
  __JumpTableTOP
                                  80010070         0   none ,l         * 
FILE=_flsFindClose
  __JumpTableTOP
                                  80010070         0   none ,l         * 
FILE=_free
  __JumpTableTOP
                                  80010070         0   none ,l         * 
FILE=_getkey
  __JumpTableTOP
                                  80010070         0   none ,l         * 
FILE=_GLibAddinAplExecutionCheck
  __JumpTableTOP
                                  80010070         0   none ,l         * 
FILE=_Hmem_SetMMU
  __JumpTableTOP
                                  80010070         0   none ,l         * 
FILE=_malloc
  __JumpTableTOP
                                  80010070         0   none ,l         * 
FILE=_PopUpWin
  __JumpTableTOP
                                  80010070         0   none ,l         * 
FILE=_Print
  __JumpTableTOP
                                  80010070         0   none ,l         * 
FILE=_PrintXY
  __JumpTableTOP
                                  80010070         0   none ,l         * 
FILE=_Bcre_cychdr
  __JumpTableTOP
                                  80010070         0   none ,l         * 
FILE=_Bfile_CloseFile
  __JumpTableTOP
                                  80010070         0   none ,l         * 
FILE=_Bfile_CreateEntry
  __JumpTableTOP
                                  80010070         0   none ,l         * 
FILE=_Bfile_DeleteEntry
  __JumpTableTOP
                                  80010070         0   none ,l         * 
FILE=_Bfile_GetFileSize
  __JumpTableTOP
                                  80010070         0   none ,l         * 
FILE=_Bfile_GetMediaFree
  __JumpTableTOP
                                  80010070         0   none ,l         * 
FILE=_Bfile_OpenFile
  __JumpTableTOP
                                  80010070         0   none ,l         * 
FILE=_Bfile_ReadFile
  __JumpTableTOP
                                  80010070         0   none ,l         * 
FILE=_Bfile_SeekFile
  __JumpTableTOP
                                  80010070         0   none ,l         * 
FILE=_Bfile_WriteFile
  __JumpTableTOP
                                  80010070         0   none ,l         * 
FILE=_BMCSRenameVariable
  __JumpTableTOP
                                  80010070         0   none ,l         * 
FILE=_BSrl_DummyWAIT
  __JumpTableTOP
                                  80010070         0   none ,l         * 
FILE=_Bsta_cychdr
  __JumpTableTOP
                                  80010070         0   none ,l         * 
FILE=_Bstp_cychdr
  __JumpTableTOP
                                  80010070         0   none ,l         * 
FILE=_DD_GET
  __JumpTableTOP
                                  80010070         0   none ,l         * 
FILE=_GetAppName
  __JumpTableTOP
                                  80010070         0   none ,l         * 
FILE=_locate
  __JumpTableTOP
                                  80010070         0   none ,l         * 
FILE=_MCSDelVar2
  __JumpTableTOP
                                  80010070         0   none ,l         * 
FILE=_MCSGetCapa
  __JumpTableTOP
                                  80010070         0   none ,l         * 
FILE=_MCSGetData1
  __JumpTableTOP
                                  80010070         0   none ,l         * 
FILE=_MCSGetDlen2
  __JumpTableTOP
                                  80010070         0   none ,l         * 
FILE=_MCSOvwDat2
  __JumpTableTOP
                                  80010070         0   none ,l         * 
FILE=_MCSPutVar2
  __JumpTableTOP
                                  80010070         0   none ,l         * 
FILE=_PrintMiniSd
  __JumpTableTOP
                                  80010070         0   none ,l         * 
FILE=__divlu
  zerodiv
                                  0000044e         0   none ,l         * 
FILE=__modlu
  zerodiv
                                  0000044e         0   none ,l         * 
FILE=__divws
  zerodiv
                                  0000044e         0   none ,l         * 

*** Delete Symbols ***

SYMBOL                                SIZE    INFO

*** Variable Accessible with Abs8 ***

SYMBOL                                SIZE    COUNTS  OPTIMIZE

*** Variable Accessible with Abs16 ***

SYMBOL                                SIZE    COUNTS  OPTIMIZE

*** Function Call ***

SYMBOL                              COUNTS  OPTIMIZE
