Hitachi Optimizing Linkage Editor (Ver. 7.1.03.000)01-Jan-2021 03:08:37

*** Options ***

-subcommand=C:\DOCUME~1\milky\LOCALS~1\Temp\hmk577.tmp
noprelink
sdebug
rom D=R
nomessage
list "E:\Entwicklung\Casio\SDK\Snake\Debug\FXADDINror.map"
show symbol
nooptimize
start P_TOP,P,C,D,C$VTBL,C$INIT/0300200,B_BR_Size,B,R/08100000
fsymbol P
nologo
input "E:\Entwicklung\Casio\SDK\Snake\Debug\SNAKE.obj" "E:\Entwicklung\Casio\SDK\Snake\Debug\Graphics.obj" "E:\Entwicklung\Casio\SDK\Snake\Debug\Menu.obj" "E:\Entwicklung\Casio\SDK\Snake\Debug\Game.obj" "E:\Entwicklung\Casio\SDK\Snake\Debug\Maps.obj" "E:\Entwicklung\Casio\SDK\Snake\Debug\Digits.obj" "E:\Entwicklung\Casio\SDK\Snake\Debug\MainMenuDetector.obj" "E:\Entwicklung\Casio\SDK\Snake\Debug\Savegame.obj" "E:\Entwicklung\Casio\SDK\Snake\Debug\Scorescreen.obj"
input "C:\Program Files\CASIO\fx-9860G SDK\OS\FX\lib\setup.obj"
library "C:\Program Files\CASIO\fx-9860G SDK\OS\FX\lib\fx9860G_library.lib"
output "E:\Entwicklung\Casio\SDK\Snake\Debug\FXADDINror.abs"
-nomessage=1100
end

*** Error information ***

*** Mapping List ***

SECTION                            START      END         SIZE   ALIGN

P_TOP
                                  00300200  0030020b         c   4
P
                                  0030020c  003049ad      47a2   4
C
                                  003049b0  00304f1b       56c   4
D
                                  00304f1c  003051a3       288   4
B_BR_Size
                                  08100000  08100003         4   4
B
                                  08100004  0810041f       41c   4
R
                                  08100420  081006a7       288   4

*** Symbol List ***

SECTION=
FILE=                               START        END    SIZE
  SYMBOL                            ADDR        SIZE    INFO      COUNTS  OPT

SECTION=P_TOP
FILE=E:\Entwicklung\Casio\SDK\Snake\Debug\SNAKE.obj
                                  00300200  0030020b         c
  _InitializeSystem
                                  00300200         c   func ,g         * 

SECTION=P
FILE=E:\Entwicklung\Casio\SDK\Snake\Debug\SNAKE.obj
                                  0030020c  003003fb       1f0
  _AddIn_main
                                  0030020c       158   func ,g         * 
  _malloc_sec
                                  00300364        98   func ,g         * 
FILE=E:\Entwicklung\Casio\SDK\Snake\Debug\Graphics.obj
                                  003003fc  003006ab       2b0
  _DrawRect
                                  003003fc        80   func ,g         * 
  _SetPoint
                                  0030047c         6   func ,g         * 
  _Clear
                                  00300482         6   func ,g         * 
  _FillRect
                                  00300488        74   func ,g         * 
  _FillDotted
                                  003004fc        7a   func ,g         * 
  _CaptureAreaVRAM
                                  00300576        90   func ,g         * 
  _CaptureMenuTitle
                                  00300606        2c   func ,g         * 
  _CompareMenuTitle
                                  00300632        7a   func ,g         * 
FILE=E:\Entwicklung\Casio\SDK\Snake\Debug\Menu.obj
                                  003006ac  003009cb       320
  __drawBorder
                                  003006ac         6   func ,g         * 
  _ShowMenu
                                  003006b2        12   func ,g         * 
  _ShowMenuNoBorder
                                  003006c4       146   func ,g         * 
  _ShowText
                                  0030080a        96   func ,g         * 
  _ReadInt
                                  003008a0       12c   func ,g         * 
FILE=E:\Entwicklung\Casio\SDK\Snake\Debug\Game.obj
                                  003009cc  00300f13       548
  __setTarget
                                  003009cc        84   func ,g         * 
  _gameLoop1
                                  00300a50       294   func ,g         * 
  _gameLoop2
                                  00300ce4       110   func ,g         * 
  _gameQuit
                                  00300df4         6   func ,g         * 
  _RunGame
                                  00300dfa       11a   func ,g         * 
FILE=E:\Entwicklung\Casio\SDK\Snake\Debug\Maps.obj
                                  00300f14  0030116f       25c
  _GetMapCount
                                  00300f14         4   func ,g         * 
  _GetMap
                                  00300f18        2e   func ,g         * 
  _GetMapName
                                  00300f46        34   func ,g         * 
  _GetBlock
                                  00300f7a        2c   func ,g         * 
  _DrawMap
                                  00300fa6        aa   func ,g         * 
  _MapSelector
                                  00301050       120   func ,g         * 
FILE=E:\Entwicklung\Casio\SDK\Snake\Debug\Digits.obj
                                  00301170  0030120b        9c
  _GetDigit
                                  00301170        2a   func ,g         * 
  _DrawDigit
                                  0030119a        72   func ,g         * 
FILE=E:\Entwicklung\Casio\SDK\Snake\Debug\MainMenuDetector.obj
                                  0030120c  003012ef        e4
  _InitDetector
                                  0030120c        62   func ,g         * 
  _UninitDetector
                                  0030126e         8   func ,g         * 
  _CheckForMenu
                                  00301276        7a   func ,g         * 
FILE=E:\Entwicklung\Casio\SDK\Snake\Debug\Savegame.obj
                                  003012f0  003012f9         a
  _SaveScores
                                  003012f0         6   func ,g         * 
  _LoadScores
                                  003012f6         4   func ,g         * 
FILE=E:\Entwicklung\Casio\SDK\Snake\Debug\Scorescreen.obj
                                  003012fc  0030146b       170
  __printDifficulty
                                  003012fc        3a   func ,g         * 
  _ShowScores
                                  00301336       136   func ,g         * 
FILE=C:\Program Files\CASIO\fx-9860G SDK\OS\FX\lib\setup.obj
                                  0030146c  00301587       11c
  ___LINK_PROTECT
                                  0030146c         4   func ,g         * 
  _SetQuitHandler
                                  00301470         6   func ,g         * 
  _OnAppCloseDefault
                                  00301476        54   func ,g         * 
  __INITSCT_ADDIN
                                  003014ca        48   func ,g         * 
  _INIT_ADDIN_APPLICATION
                                  00301512        76   func ,g         * 
FILE=__divls
                                  00301588  0030163b        b4
  __divls
                                  00301588         0   none ,g         * 
  divls_zero
                                  00301626         0   none ,l         * 
  A_errno
                                  00301634         0   none ,l         * 
  n_zerono
                                  00301638         0   none ,l         * 
FILE=__modls
                                  0030163c  00301703        c8
  __modls
                                  0030163c         0   none ,g         * 
  modls_L
                                  003016e2         0   none ,l         * 
  modls_zero
                                  003016ee         0   none ,l         * 
  A_errno
                                  003016fc         0   none ,l         * 
  n_zerono
                                  00301700         0   none ,l         * 
FILE=__s_mvn
                                  00301704  0030173b        38
  __slow_mvn
                                  00301704         0   none ,g         * 
  SMVN_B
                                  00301712         0   none ,l         * 
  SMVN_END
                                  00301734         0   none ,l         * 
FILE=__s_scpy
                                  0030173c  0030178b        50
  __slow_strcpy
                                  0030173c         0   none ,g         * 
  SCPY_B
                                  00301754         0   none ,l         * 
  SCPY_END
                                  00301778         0   none ,l         * 
  _quick_strcpy2
                                  00301780         0   none ,l         * 
  A_qcpy
                                  00301788         0   none ,l         * 
FILE=memset
                                  0030178c  003017a3        18
  _memset
                                  0030178c        18   func ,g         * 
FILE=rand
                                  003017a4  003017cf        2c
  _rand
                                  003017a4        2c   func ,g         * 
FILE=sprintf
                                  003017d0  0030180b        3c
  _sprintf
                                  003017d0        3c   func ,g         * 
FILE=strlen
                                  0030180c  0030181b        10
  _strlen
                                  0030180c        10   func ,g         * 
FILE=_Bdel_cychdr
                                  0030181c  0030182b        10
  _Bdel_cychdr
                                  0030181c         0   none ,g         * 
FILE=_Bdisp_AllClr_DDVRAM
                                  0030182c  0030183b        10
  _Bdisp_AllClr_DDVRAM
                                  0030182c         0   none ,g         * 
FILE=_Bdisp_AllClr_VRAM
                                  0030183c  0030184b        10
  _Bdisp_AllClr_VRAM
                                  0030183c         0   none ,g         * 
FILE=_Bdisp_GetPoint_VRAM
                                  0030184c  0030185b        10
  _Bdisp_GetPoint_VRAM
                                  0030184c         0   none ,g         * 
FILE=_Bdisp_PutDisp_DD
                                  0030185c  0030186b        10
  _Bdisp_PutDisp_DD
                                  0030185c         0   none ,g         * 
FILE=_Bdisp_SetPoint_DDVRAM
                                  0030186c  0030187b        10
  _Bdisp_SetPoint_DDVRAM
                                  0030186c         0   none ,g         * 
FILE=_Bdisp_SetPoint_VRAM
                                  0030187c  0030188b        10
  _Bdisp_SetPoint_VRAM
                                  0030187c         0   none ,g         * 
FILE=_BfileFLS_CloseFile
                                  0030188c  0030189b        10
  _BfileFLS_CloseFile
                                  0030188c         0   none ,g         * 
FILE=_Bkey_Set_RepeatTime_Default
                                  0030189c  003018ab        10
  _Bkey_Set_RepeatTime_Default
                                  0030189c         0   none ,g         * 
FILE=_CallbackAtQuitMainFunction
                                  003018ac  003018bb        10
  _CallbackAtQuitMainFunction
                                  003018ac         0   none ,g         * 
FILE=_flsFindClose
                                  003018bc  003018cb        10
  _flsFindClose
                                  003018bc         0   none ,g         * 
FILE=_free
                                  003018cc  003018db        10
  _free
                                  003018cc         0   none ,g         * 
FILE=_getkey
                                  003018dc  003018eb        10
  _GetKey
                                  003018dc         0   none ,g         * 
FILE=_GLibAddinAplExecutionCheck
                                  003018ec  003018fb        10
  _GLibAddinAplExecutionCheck
                                  003018ec         0   none ,g         * 
FILE=_Hmem_SetMMU
                                  003018fc  0030190b        10
  _Hmem_SetMMU
                                  003018fc         0   none ,g         * 
FILE=_malloc
                                  0030190c  0030191b        10
  _malloc
                                  0030190c         0   none ,g         * 
FILE=_PopUpWin
                                  0030191c  0030192b        10
  _PopUpWin
                                  0030191c         0   none ,g         * 
FILE=_Print
                                  0030192c  0030193b        10
  _Print
                                  0030192c         0   none ,g         * 
FILE=_PrintXY
                                  0030193c  0030194b        10
  _PrintXY
                                  0030193c         0   none ,g         * 
FILE=dispbios
                                  0030194c  00301ac1       176
  _PrintMini
                                  0030194c        1c   func ,g         * 
  _locate
                                  00301968        28   func ,g         * 
  _Bdisp_ReadArea_DD
                                  00301990       132   func ,g         * 
FILE=timer
                                  00301ac4  00301bc3       100
  _GetSDKLibraryVersion
                                  00301ac4         6   func ,g         * 
  _SetTimer
                                  00301aca        54   func ,g         * 
  _KillTimer
                                  00301b1e        44   func ,g         * 
  _Sleep
                                  00301b62        62   func ,g         * 
FILE=__q_scpy
                                  00301bc4  00301c2b        68
  __quick_strcpy
                                  00301bc4         0   none ,g         * 
  _quick_strcpy1
                                  00301bc8         0   none ,g         * 
  FCPY_L
                                  00301bd2         0   none ,l         * 
  FCPY_NULL1
                                  00301bf6         0   none ,l         * 
  FCPY_NULL2
                                  00301bfa         0   none ,l         * 
  FCPY_NULL3
                                  00301bfe         0   none ,l         * 
  FCPY_NULL
                                  00301c00         0   none ,l         * 
  FCPY_B
                                  00301c06         0   none ,l         * 
  FCPY_END
                                  00301c20         0   none ,l         * 
FILE=_fmtout
                                  00301c2c  00302d17      10ec
  __fmtout
                                  00301c2c       768   func ,g         * 
  __ltostr
                                  00302394       20a   func ,l         * 
  __xtostr
                                  0030259e       68e   func ,l         * 
  __round
                                  00302c2c        60   func ,l         * 
  __putstr
                                  00302c8c        58   func ,l         * 
  __putnull
                                  00302ce4        10   func ,l         * 
  __puterr
                                  00302cf4        24   func ,l         * 
FILE=_Bcre_cychdr
                                  00302d18  00302d27        10
  _Bcre_cychdr
                                  00302d18         0   none ,g         * 
FILE=_BSrl_DummyWAIT
                                  00302d28  00302d37        10
  _BSrl_DummyWAIT
                                  00302d28         0   none ,g         * 
FILE=_Bsta_cychdr
                                  00302d38  00302d47        10
  _Bsta_cychdr
                                  00302d38         0   none ,g         * 
FILE=_Bstp_cychdr
                                  00302d48  00302d57        10
  _Bstp_cychdr
                                  00302d48         0   none ,g         * 
FILE=_DD_GET
                                  00302d58  00302d67        10
  _DD_GET
                                  00302d58         0   none ,g         * 
FILE=_locate
                                  00302d68  00302d77        10
  _locate_OS
                                  00302d68         0   none ,g         * 
FILE=_PrintMiniSd
                                  00302d78  00302d87        10
  _PrintMiniSd
                                  00302d78         0   none ,g         * 
FILE=r_eqd
                                  00302d88  00302e1b        94
  __eqd
                                  00302d88         0   none ,g         * 
  exception_return1
                                  00302dba         0   none ,l         * 
  exception_return2
                                  00302dbe         0   none ,l         * 
  exception_return3
                                  00302dc2         0   none ,l         * 
  false
                                  00302dce         0   none ,l         * 
  return
                                  00302dd0         0   none ,l         * 
  exception1
                                  00302de4         0   none ,l         * 
  exception2
                                  00302df0         0   none ,l         * 
  exception3
                                  00302dfc         0   none ,l         * 
  EXP_INF
                                  00302e14         0   none ,l         * 
  MMASK
                                  00302e18         0   none ,l         * 
FILE=__divlu
                                  00302e1c  00302ec3        a8
  __divlu
                                  00302e1c         0   none ,g         * 
  divlu_zero
                                  00302eae         0   none ,l         * 
  A_errno
                                  00302ebc         0   none ,l         * 
  n_zerono
                                  00302ec0         0   none ,l         * 
FILE=__modlu
                                  00302ec4  00302f7b        b8
  __modlu
                                  00302ec4         0   none ,g         * 
  modlu_L
                                  00302f5c         0   none ,l         * 
  modlu_zero
                                  00302f64         0   none ,l         * 
  A_errno
                                  00302f74         0   none ,l         * 
  n_zerono
                                  00302f78         0   none ,l         * 
FILE=_its
                                  00302f7c  003030ab       130
  __its
                                  00302f7c       130   func ,g         * 
FILE=_xti
                                  003030ac  0030333b       290
  __xti
                                  003030ac       290   func ,g         * 
  _la$264
                                  00303284         0   none ,l         * 
FILE=memcpy
                                  0030333c  003033f9        be
  _memcpy
                                  0030333c        be   func ,g         * 
FILE=_allzero
                                  003033fc  00303419        1e
  __allzero
                                  003033fc        1e   func ,g         * 
FILE=_calcnpw
                                  0030341c  0030351b       100
  __calcnpw
                                  0030341c       100   func ,g         * 
FILE=_log10
                                  0030351c  003037e3       2c8
  __log10
                                  0030351c        62   func ,g         * 
  _frexp
                                  0030357e       12e   func ,l         * 
  _modf
                                  003036ac       138   func ,l         * 
FILE=_lsfts
                                  003037e4  0030382f        4c
  __lsfts
                                  003037e4        4c   func ,g         * 
FILE=_pow5
                                  00303830  00303853        24
  __pow5
                                  00303830        24   func ,g         * 
FILE=_rsfts
                                  00303854  003038a9        56
  __rsfts
                                  00303854        56   func ,g         * 
FILE=_sub
                                  003038ac  0030393f        94
  __sub
                                  003038ac        94   func ,g         * 
FILE=_umemcmp
                                  00303940  00303973        34
  __umemcmp
                                  00303940        34   func ,g         * 
FILE=_unpack
                                  00303974  00303a0f        9c
  __unpack
                                  00303974        9c   func ,g         * 
FILE=memcmp
                                  00303a10  00303a43        34
  _memcmp
                                  00303a10        34   func ,g         * 
FILE=r_addd
                                  00303a44  00303dd3       390
  __subd
                                  00303a44         0   none ,g         * 
  __subdr
                                  00303a5c         0   none ,g         * 
  exception1
                                  00303a74         0   none ,l         * 
  return_NaN
                                  00303a88         0   none ,l         * 
  return_inf
                                  00303a90         0   none ,l         * 
  exception2
                                  00303a94         0   none ,l         * 
  p2_denorm_check
                                  00303aa8         0   none ,l         * 
  p1_denorm
                                  00303ab4         0   none ,l         * 
  return_p2
                                  00303ac0         0   none ,l         * 
  return_p1
                                  00303ac8         0   none ,l         * 
  p1_normalize
                                  00303ad6         0   none ,l         * 
  p1_norm_loop
                                  00303ae0         0   none ,l         * 
  end_p1_norm
                                  00303aea         0   none ,l         * 
  p2_normalize
                                  00303aea         0   none ,l         * 
  p2_norm_loop
                                  00303af4         0   none ,l         * 
  end_p2_norm
                                  00303afe         0   none ,l         * 
  swap_end
                                  00303b06         0   none ,l         * 
  return_zero
                                  00303b0a         0   none ,l         * 
  __addd
                                  00303b14         0   none ,g         * 
  sub_in
                                  00303b26         0   none ,l         * 
  rotation
                                  00303b46         0   none ,l         * 
  exception_return
                                  00303b72         0   none ,l         * 
  sftr1
                                  00303bb4         0   none ,l         * 
  e_sftr31
                                  00303bb8         0   none ,l         * 
  e_sftr55
                                  00303bde         0   none ,l         * 
  sftr_loop
                                  00303be4         0   none ,l         * 
  end_sftr
                                  00303bec         0   none ,l         * 
  mantissa_sub
                                  00303c10         0   none ,l         * 
  man_sub1
                                  00303c18         0   none ,l         * 
  normalize
                                  00303c26         0   none ,l         * 
  norm32_end
                                  00303c30         0   none ,l         * 
  norm16_end
                                  00303c40         0   none ,l         * 
  over_norm
                                  00303c46         0   none ,l         * 
  overnorm_end
                                  00303c72         0   none ,l         * 
  norm_loop
                                  00303c78         0   none ,l         * 
  end_calc
                                  00303ca0         0   none ,l         * 
  end_norm
                                  00303ca0         0   none ,l         * 
  denormalize_loop
                                  00303ca8         0   none ,l         * 
  round
                                  00303cb0         0   none ,l         * 
  end_denormal
                                  00303cb0         0   none ,l         * 
  round_carry
                                  00303cc8         0   none ,l         * 
  end_round
                                  00303cce         0   none ,l         * 
  return_value
                                  00303cce         0   none ,l         * 
  return
                                  00303cec         0   none ,l         * 
  plus_zero
                                  00303d0c         0   none ,l         * 
  swap
                                  00303d16         0   none ,l         * 
  EXP_INF
                                  00303d30         0   none ,l         * 
  MMASK
                                  00303d34         0   none ,l         * 
  MSB
                                  00303d38         0   none ,l         * 
  LOWMASK
                                  00303d3c         0   none ,l         * 
  CARRY_CHECK
                                  00303d40         0   none ,l         * 
  NORMAL
                                  00303d44         0   none ,l         * 
  SIGN
                                  00303d48         0   none ,l         * 
  HALF
                                  00303d4c         0   none ,l         * 
  sftrtbl
                                  00303d50         0   none ,l         * 
FILE=r_dtoi
                                  00303dd4  00303e5f        8c
  __dtou
                                  00303dd4         0   none ,g         * 
  __dtoi
                                  00303dd4         0   none ,g         * 
  loop_sftl
                                  00303e14         0   none ,l         * 
  shift_low
                                  00303e1e         0   none ,l         * 
  shift_low1
                                  00303e26         0   none ,l         * 
  shift_r
                                  00303e30         0   none ,l         * 
  shift_r1
                                  00303e32         0   none ,l         * 
  end_shift
                                  00303e38         0   none ,l         * 
  return
                                  00303e3e         0   none ,l         * 
  end_nagate
                                  00303e3e         0   none ,l         * 
  return_zero
                                  00303e4c         0   none ,l         * 
  EXP_INF
                                  00303e50         0   none ,l         * 
  MMASK
                                  00303e54         0   none ,l         * 
  MSB
                                  00303e58         0   none ,l         * 
  BIAS
                                  00303e5c         0   none ,l         * 
FILE=r_itod
                                  00303e60  00303eb3        54
  __itod
                                  00303e60         0   none ,g         * 
  end_negate
                                  00303e74         0   none ,l         * 
  sftl_loop
                                  00303e76         0   none ,l         * 
  return
                                  00303e98         0   none ,l         * 
  return_zero
                                  00303ea8         0   none ,l         * 
  EXP_32
                                  00303eb0         0   none ,l         * 
FILE=r_ltd
                                  00303eb4  00303f5b        a8
  __ltd
                                  00303eb4         0   none ,g         * 
  exception_return1
                                  00303ee6         0   none ,l         * 
  exception_return2
                                  00303eea         0   none ,l         * 
  exception_return3
                                  00303eee         0   none ,l         * 
  minus
                                  00303f00         0   none ,l         * 
  sign_def
                                  00303f08         0   none ,l         * 
  return
                                  00303f0c         0   none ,l         * 
  exception1
                                  00303f20         0   none ,l         * 
  exception2
                                  00303f2c         0   none ,l         * 
  exception3
                                  00303f38         0   none ,l         * 
  false
                                  00303f50         0   none ,l         * 
  EXP_INF
                                  00303f54         0   none ,l         * 
  MMASK
                                  00303f58         0   none ,l         * 
FILE=r_muld
                                  00303f5c  0030416f       214
  exception1
                                  00303f5c         0   none ,l         * 
  parm2_NaN_check
                                  00303f78         0   none ,l         * 
  exception2
                                  00303f84         0   none ,l         * 
  exception3
                                  00303f9c         0   none ,l         * 
  ex3
                                  00303fa8         0   none ,l         * 
  p1_norm_loop
                                  00303fb2         0   none ,l         * 
  end_p1_norm
                                  00303fbc         0   none ,l         * 
  exception4
                                  00303fc0         0   none ,l         * 
  ex4
                                  00303fcc         0   none ,l         * 
  p2_norm_loop
                                  00303fd6         0   none ,l         * 
  end_p2_norm
                                  00303fe0         0   none ,l         * 
  return_zero
                                  00303fe4         0   none ,l         * 
  return_inf
                                  00303fee         0   none ,l         * 
  return_NaN
                                  00303ff6         0   none ,l         * 
  __muld
                                  00304000         0   none ,g         * 
  exception_return3
                                  00304056         0   none ,l         * 
  exception_return4
                                  0030405a         0   none ,l         * 
  mul_man1
                                  0030409c         0   none ,l         * 
  end_normalize
                                  003040c0         0   none ,l         * 
  end_sticky
                                  003040c6         0   none ,l         * 
  denormalize_loop
                                  003040ce         0   none ,l         * 
  round_denormal
                                  003040da         0   none ,l         * 
  end_round_d
                                  003040f0         0   none ,l         * 
  end_denormal
                                  003040f4         0   none ,l         * 
  round_carry
                                  00304106         0   none ,l         * 
  end_round
                                  0030410c         0   none ,l         * 
  return_value
                                  0030410c         0   none ,l         * 
  return
                                  0030412a         0   none ,l         * 
  EXP_INF
                                  00304158         0   none ,l         * 
  MMASK
                                  0030415c         0   none ,l         * 
  MSB
                                  00304160         0   none ,l         * 
  CARRY_CHECK
                                  00304164         0   none ,l         * 
  BIAS
                                  00304168         0   none ,l         * 
  DEN_CARRY
                                  0030416c         0   none ,l         * 
FILE=r_ned
                                  00304170  00304203        94
  __ned
                                  00304170         0   none ,g         * 
  exception_return1
                                  003041a2         0   none ,l         * 
  exception_return2
                                  003041a6         0   none ,l         * 
  exception_return3
                                  003041aa         0   none ,l         * 
  true
                                  003041b6         0   none ,l         * 
  return
                                  003041b8         0   none ,l         * 
  exception1
                                  003041cc         0   none ,l         * 
  exception2
                                  003041d8         0   none ,l         * 
  exception3
                                  003041e4         0   none ,l         * 
  EXP_INF
                                  003041fc         0   none ,l         * 
  MMASK
                                  00304200         0   none ,l         * 
FILE=__divws
                                  00304204  00304253        50
  __divws
                                  00304204         0   none ,g         * 
  divws_zero
                                  00304242         0   none ,l         * 
  A_errno
                                  0030424c         0   none ,l         * 
  n_zerono
                                  00304250         0   none ,l         * 
FILE=_div64
                                  00304254  003043e7       194
  __div64
                                  00304254       194   func ,g         * 
FILE=_duchek
                                  003043e8  00304417        30
  __duchek
                                  003043e8        30   func ,g         * 
FILE=_lsft
                                  00304418  0030445d        46
  __lsft
                                  00304418        46   func ,g         * 
FILE=_mult64
                                  00304460  003044cf        70
  __mult64
                                  00304460        70   func ,g         * 
FILE=_power
                                  003044d0  00304623       154
  __power
                                  003044d0       154   func ,g         * 
FILE=_rnd
                                  00304624  0030470f        ec
  __rnd
                                  00304624        ec   func ,g         * 
FILE=_setsbit
                                  00304710  00304793        84
  __setsbit
                                  00304710        84   func ,g         * 
FILE=_add
                                  00304794  003047ef        5c
  __add
                                  00304794        5c   func ,g         * 
FILE=_mult
                                  003047f0  003048cb        dc
  __mult
                                  003047f0        dc   func ,g         * 
FILE=_pow10
                                  003048cc  00304963        98
  __pow10
                                  003048cc        98   func ,g         * 
FILE=_rsft
                                  00304964  003049ad        4a
  __rsft
                                  00304964        4a   func ,g         * 

SECTION=C
FILE=addin_sct
                                  00304c00  00304c13        14
  _B_BGN
                                  00304c00         0   none ,g         * 
  _B_END
                                  00304c04         0   none ,g         * 
  _R_BGN
                                  00304c08         0   none ,g         * 
  _R_END
                                  00304c0c         0   none ,g         * 
  _D_ROM
                                  00304c10         0   none ,g         * 
FILE=_ctype
                                  00304c14  00304d13       100
  __ctype
                                  00304c14       100   data ,g         * 
FILE=_its
                                  00304d14  00304d9b        88
  _table$246
                                  00304d14        88   data ,l         * 
FILE=_pow5
                                  00304d9c  00304e7b        e0
  _w$238
                                  00304d9c        e0   data ,l         * 
FILE=_power
                                  00304e7c  00304f1b        a0
  _conmnts$251
                                  00304e7c        80   data ,l         * 
  _conexp$252
                                  00304efc        20   data ,l         * 

SECTION=B_BR_Size
FILE=E:\Entwicklung\Casio\SDK\Snake\Debug\SNAKE.obj
                                  08100000  08100003         4
  _BR_Size
                                  08100000         4   data ,g         * 

SECTION=B
FILE=E:\Entwicklung\Casio\SDK\Snake\Debug\Game.obj
                                  08100004  08100417       414
  _snake
                                  08100004       400   data ,g         * 
  _snakeLength
                                  08100404         4   data ,g         * 
  _titlecapt
                                  08100408         4   data ,g         * 
  _timeout
                                  0810040c         4   data ,g         * 
  _quitGame
                                  08100410         4   data ,g         * 
  _map
                                  08100414         4   data ,g         * 
FILE=E:\Entwicklung\Casio\SDK\Snake\Debug\MainMenuDetector.obj
                                  08100418  0810041b         4
  _m
                                  08100418         4   data ,g         * 
FILE=_errno
                                  0810041c  0810041f         4
  __errno
                                  0810041c         4   data ,g         * 

SECTION=R
FILE=E:\Entwicklung\Casio\SDK\Snake\Debug\SNAKE.obj
                                  08100420  08100427         8
  _txtHelp
                                  08100420         4   data ,g         * 
  _txtAbout
                                  08100424         4   data ,g         * 
FILE=E:\Entwicklung\Casio\SDK\Snake\Debug\Game.obj
                                  08100428  0810043d        16
  _dx
                                  08100428         1   data ,g         * 
  _dy
                                  08100429         1   data ,g         * 
  _difficulties
                                  0810042c        10   data ,g         * 
  _target
                                  0810043c         2   data ,g         * 
FILE=E:\Entwicklung\Casio\SDK\Snake\Debug\Maps.obj
                                  08100440  0810063f       200
  _map0
                                  08100440        80   data ,g         * 
  _map1
                                  081004c0        80   data ,g         * 
  _map2
                                  08100540        80   data ,g         * 
  _map3
                                  081005c0        80   data ,g         * 
FILE=E:\Entwicklung\Casio\SDK\Snake\Debug\Digits.obj
                                  08100640  0810067f        40
  _digitNULL
                                  08100640        10   data ,g         * 
  _iconTarget
                                  08100650        10   data ,g         * 
  _snakeHead
                                  08100660        10   data ,g         * 
  _snakeBody
                                  08100670        10   data ,g         * 
FILE=E:\Entwicklung\Casio\SDK\Snake\Debug\Savegame.obj
                                  08100680  0810069f        20
  _filename
                                  08100680        20   data ,g         * 
FILE=C:\Program Files\CASIO\fx-9860G SDK\OS\FX\lib\setup.obj
                                  081006a0  081006a3         4
  _gb_OnAppClose
                                  081006a0         4   data ,g         * 
FILE=_rnext
                                  081006a4  081006a7         4
  __rnext
                                  081006a4         4   data ,g         * 

Absolute value symbols
FILE=__divls
  zerodiv
                                  0000044e         0   none ,l         * 
FILE=__modls
  zerodiv
                                  0000044e         0   none ,l         * 
FILE=_Bdel_cychdr
  __JumpTableTOP
                                  80010070         0   none ,l         * 
FILE=_Bdisp_AllClr_DDVRAM
  __JumpTableTOP
                                  80010070         0   none ,l         * 
FILE=_Bdisp_AllClr_VRAM
  __JumpTableTOP
                                  80010070         0   none ,l         * 
FILE=_Bdisp_GetPoint_VRAM
  __JumpTableTOP
                                  80010070         0   none ,l         * 
FILE=_Bdisp_PutDisp_DD
  __JumpTableTOP
                                  80010070         0   none ,l         * 
FILE=_Bdisp_SetPoint_DDVRAM
  __JumpTableTOP
                                  80010070         0   none ,l         * 
FILE=_Bdisp_SetPoint_VRAM
  __JumpTableTOP
                                  80010070         0   none ,l         * 
FILE=_BfileFLS_CloseFile
  __JumpTableTOP
                                  80010070         0   none ,l         * 
FILE=_Bkey_Set_RepeatTime_Default
  __JumpTableTOP
                                  80010070         0   none ,l         * 
FILE=_CallbackAtQuitMainFunction
  __JumpTableTOP
                                  80010070         0   none ,l         * 
FILE=_flsFindClose
  __JumpTableTOP
                                  80010070         0   none ,l         * 
FILE=_free
  __JumpTableTOP
                                  80010070         0   none ,l         * 
FILE=_getkey
  __JumpTableTOP
                                  80010070         0   none ,l         * 
FILE=_GLibAddinAplExecutionCheck
  __JumpTableTOP
                                  80010070         0   none ,l         * 
FILE=_Hmem_SetMMU
  __JumpTableTOP
                                  80010070         0   none ,l         * 
FILE=_malloc
  __JumpTableTOP
                                  80010070         0   none ,l         * 
FILE=_PopUpWin
  __JumpTableTOP
                                  80010070         0   none ,l         * 
FILE=_Print
  __JumpTableTOP
                                  80010070         0   none ,l         * 
FILE=_PrintXY
  __JumpTableTOP
                                  80010070         0   none ,l         * 
FILE=_Bcre_cychdr
  __JumpTableTOP
                                  80010070         0   none ,l         * 
FILE=_BSrl_DummyWAIT
  __JumpTableTOP
                                  80010070         0   none ,l         * 
FILE=_Bsta_cychdr
  __JumpTableTOP
                                  80010070         0   none ,l         * 
FILE=_Bstp_cychdr
  __JumpTableTOP
                                  80010070         0   none ,l         * 
FILE=_DD_GET
  __JumpTableTOP
                                  80010070         0   none ,l         * 
FILE=_locate
  __JumpTableTOP
                                  80010070         0   none ,l         * 
FILE=_PrintMiniSd
  __JumpTableTOP
                                  80010070         0   none ,l         * 
FILE=__divlu
  zerodiv
                                  0000044e         0   none ,l         * 
FILE=__modlu
  zerodiv
                                  0000044e         0   none ,l         * 
FILE=__divws
  zerodiv
                                  0000044e         0   none ,l         * 

*** Delete Symbols ***

SYMBOL                                SIZE    INFO

*** Variable Accessible with Abs8 ***

SYMBOL                                SIZE    COUNTS  OPTIMIZE

*** Variable Accessible with Abs16 ***

SYMBOL                                SIZE    COUNTS  OPTIMIZE

*** Function Call ***

SYMBOL                              COUNTS  OPTIMIZE
